// Jest Snapshot v1, https://goo.gl/fbAQLP

exports[`Feed Details View should render correctly 1`] = `ShallowWrapper {}`;
